[90m[ParselCrawler][0m [32mINFO [0m Current request statistics:
┌───────────────────────────────┬──────┐
│ requests_finished             │ 0    │
│ requests_failed               │ 0    │
│ retry_histogram               │ [0]  │
│ request_avg_failed_duration   │ None │
│ request_avg_finished_duration │ None │
│ requests_finished_per_minute  │ 0    │
│ requests_failed_per_minute    │ 0    │
│ request_total_duration        │ 0s   │
│ requests_total                │ 0    │
│ crawler_runtime               │ 0s   │
└───────────────────────────────┴──────┘
[90m[ParselCrawler][0m [32mINFO [0m Crawled 0/1 pages, 0 failed requests, desired concurrency 10.
[90m[crawlee._autoscaling.autoscaled_pool][0m [32mINFO [0m current_concurrency = 0; desired_concurrency = 10; cpu = 0; mem = 0; event_loop = 0.0; client_info = 0.0
[90m[ParselCrawler][0m [32mINFO [0m Crawled 9/172 pages, 0 failed requests, desired concurrency 10.
[90m[ParselCrawler][0m [33mWARN [0m Retrying request to https://www.transfermarkt.co.uk/clube-nautico-capibaribe_associacao-atletica-ponte-preta/index/spielbericht/4841867 due to: Error status code returned (status code: 502).. File "/usr/local/lib/python3.12/site-packages/crawlee/crawlers/_basic/_basic_crawler.py", line 1564, in _raise_for_error_status_code,     raise HttpStatusCodeError('Error status code returned', status_code)
[90m[ParselCrawler][0m [33mWARN [0m Retrying request to https://www.transfermarkt.co.uk/sport-club-do-recife_avai-fc/index/spielbericht/4841797 due to: Error status code returned (status code: 502).. File "/usr/local/lib/python3.12/site-packages/crawlee/crawlers/_basic/_basic_crawler.py", line 1564, in _raise_for_error_status_code,     raise HttpStatusCodeError('Error status code returned', status_code)
[90m[ParselCrawler][0m [32mINFO [0m Crawled 38/172 pages, 0 failed requests, desired concurrency 11.
[90m[ParselCrawler][0m [32mINFO [0m Crawled 72/172 pages, 0 failed requests, desired concurrency 12.
[90m[ParselCrawler][0m [33mWARN [0m Retrying request to https://www.transfermarkt.co.uk/fortaleza-esporte-clube_londrina-esporte-clube-pr-/index/spielbericht/4842064 due to: Error status code returned (status code: 502).. File "/usr/local/lib/python3.12/site-packages/crawlee/crawlers/_basic/_basic_crawler.py", line 1564, in _raise_for_error_status_code,     raise HttpStatusCodeError('Error status code returned', status_code)
[90m[ParselCrawler][0m [33mWARN [0m Retrying request to https://www.transfermarkt.co.uk/ceara-sporting-club_clube-nautico-capibaribe/index/spielbericht/4841794 due to: Error status code returned (status code: 502).. File "/usr/local/lib/python3.12/site-packages/crawlee/crawlers/_basic/_basic_crawler.py", line 1564, in _raise_for_error_status_code,     raise HttpStatusCodeError('Error status code returned', status_code)
[90m[ParselCrawler][0m [32mINFO [0m Crawled 95/172 pages, 0 failed requests, desired concurrency 13.
[90m[ParselCrawler][0m [32mINFO [0m Crawled 120/172 pages, 0 failed requests, desired concurrency 14.
[90m[ParselCrawler][0m [32mINFO [0m Current request statistics:
┌───────────────────────────────┬────────────┐
│ requests_finished             │ 143        │
│ requests_failed               │ 0          │
│ retry_histogram               │ [143]      │
│ request_avg_failed_duration   │ None       │
│ request_avg_finished_duration │ 3.11s      │
│ requests_finished_per_minute  │ 143        │
│ requests_failed_per_minute    │ 0          │
│ request_total_duration        │ 7min 25.3s │
│ requests_total                │ 143        │
│ crawler_runtime               │ 59.99s     │
└───────────────────────────────┴────────────┘
[90m[crawlee._autoscaling.autoscaled_pool][0m [32mINFO [0m current_concurrency = 15; desired_concurrency = 15; cpu = 0.0; mem = 0.0; event_loop = 0.0; client_info = 0.0
[90m[ParselCrawler][0m [32mINFO [0m Crawled 143/172 pages, 0 failed requests, desired concurrency 15.
[90m[ParselCrawler][0m [33mWARN [0m Retrying request to https://www.transfermarkt.co.uk/criciuma-ec_athletic-club/index/spielbericht/4841786 due to: Error status code returned (status code: 502).. File "/usr/local/lib/python3.12/site-packages/crawlee/crawlers/_basic/_basic_crawler.py", line 1564, in _raise_for_error_status_code,     raise HttpStatusCodeError('Error status code returned', status_code)
[90m[ParselCrawler][0m [33mWARN [0m Retrying request to https://www.transfermarkt.co.uk/criciuma-ec_athletic-club/index/spielbericht/4841786 due to: Error status code returned (status code: 502).. File "/usr/local/lib/python3.12/site-packages/crawlee/crawlers/_basic/_basic_crawler.py", line 1564, in _raise_for_error_status_code,     raise HttpStatusCodeError('Error status code returned', status_code)
[90m[ParselCrawler][0m [33mWARN [0m Retrying request to https://www.transfermarkt.co.uk/criciuma-ec_athletic-club/index/spielbericht/4841786 due to: Error status code returned (status code: 502).. File "/usr/local/lib/python3.12/site-packages/crawlee/crawlers/_basic/_basic_crawler.py", line 1564, in _raise_for_error_status_code,     raise HttpStatusCodeError('Error status code returned', status_code)
[90m[ParselCrawler][0m [31mERROR[0m Request to https://www.transfermarkt.co.uk/criciuma-ec_athletic-club/index/spielbericht/4841786 failed and reached maximum retries
 Traceback (most recent call last):
  File "/usr/local/lib/python3.12/site-packages/crawlee/crawlers/_basic/_context_pipeline.py", line 100, in __call__
    result = await middleware_instance.action()
             ^^^^^^^^^^^^^^^^^^^^^^^^^^^^^^^^^^
  File "/usr/local/lib/python3.12/site-packages/crawlee/crawlers/_basic/_context_pipeline.py", line 40, in action
    self.output_context = await self.generator.__anext__()
                          ^^^^^^^^^^^^^^^^^^^^^^^^^^^^^^^^
  File "/usr/local/lib/python3.12/site-packages/crawlee/crawlers/_abstract_http/_abstract_http_crawler.py", line 308, in _handle_status_code_response
    self._raise_for_error_status_code(status_code)
  File "/usr/local/lib/python3.12/site-packages/crawlee/crawlers/_basic/_basic_crawler.py", line 1564, in _raise_for_error_status_code
    raise HttpStatusCodeError('Error status code returned', status_code)
crawlee.errors.HttpStatusCodeError: Error status code returned (status code: 502).
[90m[ParselCrawler][0m [32mINFO [0m Crawled 166/172 pages, 1 failed requests, desired concurrency 16.
[90m[ParselCrawler][0m [32mINFO [0m Crawled 167/172 pages, 1 failed requests, desired concurrency 17.
[90m[ParselCrawler][0m [33mWARN [0m Retrying request to https://www.transfermarkt.co.uk/avai-fc_fortaleza-esporte-clube/index/spielbericht/4841956 due to: . ,  File "/usr/local/lib/python3.12/site-packages/crawlee/http_clients/_impit.py", line 133, in crawl,     response = await client.request(
[90m[ParselCrawler][0m [33mWARN [0m Retrying request to https://www.transfermarkt.co.uk/goias-ec_botafogo-fc/index/spielbericht/4841875 due to: . ,  File "/usr/local/lib/python3.12/site-packages/crawlee/http_clients/_impit.py", line 133, in crawl,     response = await client.request(
[90m[ParselCrawler][0m [33mWARN [0m Retrying request to https://www.transfermarkt.co.uk/cuiaba-esporte-clube-mt-_gremio-novorizontino/index/spielbericht/4841878 due to: . ,  File "/usr/local/lib/python3.12/site-packages/crawlee/http_clients/_impit.py", line 133, in crawl,     response = await client.request(
[90m[ParselCrawler][0m [32mINFO [0m Crawled 169/172 pages, 1 failed requests, desired concurrency 18.
[90m[crawlee._autoscaling.autoscaled_pool][0m [32mINFO [0m Waiting for remaining tasks to finish
[90m[ParselCrawler][0m [32mINFO [0m Error analysis: total_errors=11 unique_errors=2
[90m[ParselCrawler][0m [32mINFO [0m Final request statistics:
┌───────────────────────────────┬────────────────┐
│ requests_finished             │ 171            │
│ requests_failed               │ 1              │
│ retry_histogram               │ [164, 7, 0, 1] │
│ request_avg_failed_duration   │ 112.7ms        │
│ request_avg_finished_duration │ 3.77s          │
│ requests_finished_per_minute  │ 107            │
│ requests_failed_per_minute    │ 0              │
│ request_total_duration        │ 10min 44.8s    │
│ requests_total                │ 172            │
│ crawler_runtime               │ 1min 36.1s     │
└───────────────────────────────┴────────────────┘
[90m[tfmkt.common][0m [31mERROR[0m Failed to scrape https://www.transfermarkt.co.uk/criciuma-ec_athletic-club/index/spielbericht/4841786: Error status code returned (status code: 502).
