[90m[ParselCrawler][0m [32mINFO [0m Current request statistics:
┌───────────────────────────────┬──────┐
│ requests_finished             │ 0    │
│ requests_failed               │ 0    │
│ retry_histogram               │ [0]  │
│ request_avg_failed_duration   │ None │
│ request_avg_finished_duration │ None │
│ requests_finished_per_minute  │ 0    │
│ requests_failed_per_minute    │ 0    │
│ request_total_duration        │ 0s   │
│ requests_total                │ 0    │
│ crawler_runtime               │ 0s   │
└───────────────────────────────┴──────┘
[90m[ParselCrawler][0m [32mINFO [0m Crawled 0/1 pages, 0 failed requests, desired concurrency 10.
[90m[crawlee._autoscaling.autoscaled_pool][0m [32mINFO [0m current_concurrency = 0; desired_concurrency = 10; cpu = 0; mem = 0; event_loop = 0.0; client_info = 0.0
[90m[ParselCrawler][0m [32mINFO [0m Crawled 0/1 pages, 0 failed requests, desired concurrency 10.
[90m[ParselCrawler][0m [32mINFO [0m Crawled 2/464 pages, 0 failed requests, desired concurrency 10.
[90m[ParselCrawler][0m [32mINFO [0m Crawled 42/464 pages, 0 failed requests, desired concurrency 11.
[90m[ParselCrawler][0m [32mINFO [0m Crawled 72/464 pages, 0 failed requests, desired concurrency 12.
[90m[ParselCrawler][0m [32mINFO [0m Crawled 105/464 pages, 0 failed requests, desired concurrency 13.
[90m[ParselCrawler][0m [33mWARN [0m Retrying request to https://www.transfermarkt.co.uk/cultural-leonesa_cd-mirandes/index/spielbericht/4647425 due to: Error status code returned (status code: 502).. File "/usr/local/lib/python3.12/site-packages/crawlee/crawlers/_basic/_basic_crawler.py", line 1564, in _raise_for_error_status_code,     raise HttpStatusCodeError('Error status code returned', status_code)
[90m[ParselCrawler][0m [33mWARN [0m Retrying request to https://www.transfermarkt.co.uk/sporting-gijon_ud-las-palmas/index/spielbericht/4647433 due to: Error status code returned (status code: 502).. File "/usr/local/lib/python3.12/site-packages/crawlee/crawlers/_basic/_basic_crawler.py", line 1564, in _raise_for_error_status_code,     raise HttpStatusCodeError('Error status code returned', status_code)
[90m[ParselCrawler][0m [32mINFO [0m Current request statistics:
┌───────────────────────────────┬────────────┐
│ requests_finished             │ 120        │
│ requests_failed               │ 0          │
│ retry_histogram               │ [120]      │
│ request_avg_failed_duration   │ None       │
│ request_avg_finished_duration │ 3.69s      │
│ requests_finished_per_minute  │ 120        │
│ requests_failed_per_minute    │ 0          │
│ request_total_duration        │ 7min 23.3s │
│ requests_total                │ 120        │
│ crawler_runtime               │ 59.99s     │
└───────────────────────────────┴────────────┘
[90m[crawlee._autoscaling.autoscaled_pool][0m [32mINFO [0m current_concurrency = 14; desired_concurrency = 14; cpu = 0.0; mem = 0.0; event_loop = 0.0; client_info = 0.0
[90m[ParselCrawler][0m [32mINFO [0m Crawled 120/464 pages, 0 failed requests, desired concurrency 14.
[90m[ParselCrawler][0m [33mWARN [0m Retrying request to https://www.transfermarkt.co.uk/fc-andorra_cd-castellon/index/spielbericht/4647506 due to: Error status code returned (status code: 502).. File "/usr/local/lib/python3.12/site-packages/crawlee/crawlers/_basic/_basic_crawler.py", line 1564, in _raise_for_error_status_code,     raise HttpStatusCodeError('Error status code returned', status_code)
[90m[ParselCrawler][0m [32mINFO [0m Crawled 143/464 pages, 0 failed requests, desired concurrency 15.
[90m[ParselCrawler][0m [32mINFO [0m Crawled 183/464 pages, 0 failed requests, desired concurrency 16.
[90m[ParselCrawler][0m [32mINFO [0m Crawled 234/464 pages, 0 failed requests, desired concurrency 17.
[90m[ParselCrawler][0m [32mINFO [0m Crawled 279/464 pages, 0 failed requests, desired concurrency 18.
[90m[ParselCrawler][0m [33mWARN [0m Retrying request to https://www.transfermarkt.co.uk/cd-castellon_racing-santander/index/spielbericht/4647699 due to: Error status code returned (status code: 502).. File "/usr/local/lib/python3.12/site-packages/crawlee/crawlers/_basic/_basic_crawler.py", line 1564, in _raise_for_error_status_code,     raise HttpStatusCodeError('Error status code returned', status_code)
[90m[ParselCrawler][0m [33mWARN [0m Retrying request to https://www.transfermarkt.co.uk/cultural-leonesa_ud-las-palmas/index/spielbericht/4647701 due to: Error status code returned (status code: 502).. File "/usr/local/lib/python3.12/site-packages/crawlee/crawlers/_basic/_basic_crawler.py", line 1564, in _raise_for_error_status_code,     raise HttpStatusCodeError('Error status code returned', status_code)
[90m[ParselCrawler][0m [33mWARN [0m Retrying request to https://www.transfermarkt.co.uk/cadiz-cf_real-zaragoza/index/spielbericht/4647633 due to: Error status code returned (status code: 502).. File "/usr/local/lib/python3.12/site-packages/crawlee/crawlers/_basic/_basic_crawler.py", line 1564, in _raise_for_error_status_code,     raise HttpStatusCodeError('Error status code returned', status_code)
[90m[ParselCrawler][0m [33mWARN [0m Retrying request to https://www.transfermarkt.co.uk/real-sociedad-b_cd-castellon/index/spielbericht/4647639 due to: Error status code returned (status code: 502).. File "/usr/local/lib/python3.12/site-packages/crawlee/crawlers/_basic/_basic_crawler.py", line 1564, in _raise_for_error_status_code,     raise HttpStatusCodeError('Error status code returned', status_code)
[90m[ParselCrawler][0m [33mWARN [0m Retrying request to https://www.transfermarkt.co.uk/cordoba-cf_fc-andorra/index/spielbericht/4647708 due to: Error status code returned (status code: 502).. File "/usr/local/lib/python3.12/site-packages/crawlee/crawlers/_basic/_basic_crawler.py", line 1564, in _raise_for_error_status_code,     raise HttpStatusCodeError('Error status code returned', status_code)
[90m[ParselCrawler][0m [32mINFO [0m Crawled 312/464 pages, 0 failed requests, desired concurrency 19.
[90m[ParselCrawler][0m [32mINFO [0m Current request statistics:
┌───────────────────────────────┬─────────────┐
│ requests_finished             │ 360         │
│ requests_failed               │ 0           │
│ retry_histogram               │ [360]       │
│ request_avg_failed_duration   │ None        │
│ request_avg_finished_duration │ 4.21s       │
│ requests_finished_per_minute  │ 180         │
│ requests_failed_per_minute    │ 0           │
│ request_total_duration        │ 25min 14.5s │
│ requests_total                │ 360         │
│ crawler_runtime               │ 1min 60.0s  │
└───────────────────────────────┴─────────────┘
[90m[crawlee._autoscaling.autoscaled_pool][0m [32mINFO [0m current_concurrency = 20; desired_concurrency = 20; cpu = 0.0; mem = 0.0; event_loop = 0.0; client_info = 0.0
[90m[ParselCrawler][0m [32mINFO [0m Crawled 360/464 pages, 0 failed requests, desired concurrency 20.
[90m[ParselCrawler][0m [32mINFO [0m Crawled 412/464 pages, 0 failed requests, desired concurrency 21.
[90m[ParselCrawler][0m [33mWARN [0m Retrying request to https://www.transfermarkt.co.uk/real-sociedad-b_burgos-cf/index/spielbericht/4647744 due to: Error status code returned (status code: 502).. File "/usr/local/lib/python3.12/site-packages/crawlee/crawlers/_basic/_basic_crawler.py", line 1564, in _raise_for_error_status_code,     raise HttpStatusCodeError('Error status code returned', status_code)
[90m[ParselCrawler][0m [33mWARN [0m Retrying request to https://www.transfermarkt.co.uk/real-sociedad-b_burgos-cf/index/spielbericht/4647744 due to: Error status code returned (status code: 502).. File "/usr/local/lib/python3.12/site-packages/crawlee/crawlers/_basic/_basic_crawler.py", line 1564, in _raise_for_error_status_code,     raise HttpStatusCodeError('Error status code returned', status_code)
[90m[ParselCrawler][0m [33mWARN [0m Retrying request to https://www.transfermarkt.co.uk/real-sociedad-b_burgos-cf/index/spielbericht/4647744 due to: Error status code returned (status code: 502).. File "/usr/local/lib/python3.12/site-packages/crawlee/crawlers/_basic/_basic_crawler.py", line 1564, in _raise_for_error_status_code,     raise HttpStatusCodeError('Error status code returned', status_code)
[90m[ParselCrawler][0m [32mINFO [0m Crawled 452/464 pages, 0 failed requests, desired concurrency 23.
[90m[ParselCrawler][0m [31mERROR[0m Request to https://www.transfermarkt.co.uk/real-sociedad-b_burgos-cf/index/spielbericht/4647744 failed and reached maximum retries
 Traceback (most recent call last):
  File "/usr/local/lib/python3.12/site-packages/crawlee/crawlers/_basic/_context_pipeline.py", line 100, in __call__
    result = await middleware_instance.action()
             ^^^^^^^^^^^^^^^^^^^^^^^^^^^^^^^^^^
  File "/usr/local/lib/python3.12/site-packages/crawlee/crawlers/_basic/_context_pipeline.py", line 40, in action
    self.output_context = await self.generator.__anext__()
                          ^^^^^^^^^^^^^^^^^^^^^^^^^^^^^^^^
  File "/usr/local/lib/python3.12/site-packages/crawlee/crawlers/_abstract_http/_abstract_http_crawler.py", line 308, in _handle_status_code_response
    self._raise_for_error_status_code(status_code)
  File "/usr/local/lib/python3.12/site-packages/crawlee/crawlers/_basic/_basic_crawler.py", line 1564, in _raise_for_error_status_code
    raise HttpStatusCodeError('Error status code returned', status_code)
crawlee.errors.HttpStatusCodeError: Error status code returned (status code: 502).
[90m[ParselCrawler][0m [32mINFO [0m Crawled 462/464 pages, 1 failed requests, desired concurrency 23.
[90m[ParselCrawler][0m [32mINFO [0m Crawled 462/464 pages, 1 failed requests, desired concurrency 23.
[90m[ParselCrawler][0m [32mINFO [0m Crawled 462/464 pages, 1 failed requests, desired concurrency 23.
[90m[ParselCrawler][0m [32mINFO [0m Current request statistics:
┌───────────────────────────────┬────────────────┐
│ requests_finished             │ 462            │
│ requests_failed               │ 1              │
│ retry_histogram               │ [454, 8, 0, 1] │
│ request_avg_failed_duration   │ 1.40s          │
│ request_avg_finished_duration │ 4.26s          │
│ requests_finished_per_minute  │ 154            │
│ requests_failed_per_minute    │ 0              │
│ request_total_duration        │ 32min 47.7s    │
│ requests_total                │ 463            │
│ crawler_runtime               │ 2min 60.0s     │
└───────────────────────────────┴────────────────┘
[90m[crawlee._autoscaling.autoscaled_pool][0m [32mINFO [0m current_concurrency = 11; desired_concurrency = 23; cpu = 0.0; mem = 0.0; event_loop = 0.0; client_info = 0.0
[90m[ParselCrawler][0m [32mINFO [0m Crawled 462/464 pages, 1 failed requests, desired concurrency 23.
[90m[ParselCrawler][0m [33mWARN [0m Retrying request to https://www.transfermarkt.co.uk/cd-leganes_racing-santander/index/spielbericht/4647731 due to: . ,  File "/usr/local/lib/python3.12/site-packages/crawlee/http_clients/_impit.py", line 133, in crawl,     response = await client.request(
[90m[ParselCrawler][0m [32mINFO [0m Crawled 462/464 pages, 1 failed requests, desired concurrency 23.
[90m[crawlee._autoscaling.autoscaled_pool][0m [32mINFO [0m Waiting for remaining tasks to finish
[90m[ParselCrawler][0m [32mINFO [0m Error analysis: total_errors=13 unique_errors=2
[90m[ParselCrawler][0m [32mINFO [0m Final request statistics:
┌───────────────────────────────┬────────────────┐
│ requests_finished             │ 463            │
│ requests_failed               │ 1              │
│ retry_histogram               │ [454, 9, 0, 1] │
│ request_avg_failed_duration   │ 1.40s          │
│ request_avg_finished_duration │ 4.25s          │
│ requests_finished_per_minute  │ 144            │
│ requests_failed_per_minute    │ 0              │
│ request_total_duration        │ 32min 50.6s    │
│ requests_total                │ 464            │
│ crawler_runtime               │ 3min 12.5s     │
└───────────────────────────────┴────────────────┘
[90m[tfmkt.common][0m [31mERROR[0m Failed to scrape https://www.transfermarkt.co.uk/real-sociedad-b_burgos-cf/index/spielbericht/4647744: Error status code returned (status code: 502).
