[90m[ParselCrawler][0m [32mINFO [0m Current request statistics:
┌───────────────────────────────┬──────┐
│ requests_finished             │ 0    │
│ requests_failed               │ 0    │
│ retry_histogram               │ [0]  │
│ request_avg_failed_duration   │ None │
│ request_avg_finished_duration │ None │
│ requests_finished_per_minute  │ 0    │
│ requests_failed_per_minute    │ 0    │
│ request_total_duration        │ 0s   │
│ requests_total                │ 0    │
│ crawler_runtime               │ 0s   │
└───────────────────────────────┴──────┘
[90m[ParselCrawler][0m [32mINFO [0m Crawled 0/1 pages, 0 failed requests, desired concurrency 10.
[90m[crawlee._autoscaling.autoscaled_pool][0m [32mINFO [0m current_concurrency = 0; desired_concurrency = 10; cpu = 0; mem = 0; event_loop = 0.0; client_info = 0.0
[90m[ParselCrawler][0m [32mINFO [0m Crawled 27/86 pages, 0 failed requests, desired concurrency 10.
[90m[ParselCrawler][0m [33mWARN [0m Retrying request to https://www.transfermarkt.co.uk/balestier-khalsa_lion-city-sailors/index/spielbericht/4688304 due to: Error status code returned (status code: 502).. File "/usr/local/lib/python3.12/site-packages/crawlee/crawlers/_basic/_basic_crawler.py", line 1564, in _raise_for_error_status_code,     raise HttpStatusCodeError('Error status code returned', status_code)
[90m[ParselCrawler][0m [33mWARN [0m Retrying request to https://www.transfermarkt.co.uk/tanjong-pagar-united_tampines-rovers/index/spielbericht/4688305 due to: Error status code returned (status code: 502).. File "/usr/local/lib/python3.12/site-packages/crawlee/crawlers/_basic/_basic_crawler.py", line 1564, in _raise_for_error_status_code,     raise HttpStatusCodeError('Error status code returned', status_code)
[90m[ParselCrawler][0m [32mINFO [0m Crawled 55/86 pages, 0 failed requests, desired concurrency 11.
[90m[ParselCrawler][0m [33mWARN [0m Retrying request to https://www.transfermarkt.co.uk/balestier-khalsa_lion-city-sailors/index/spielbericht/4688304 due to: Error status code returned (status code: 502).. File "/usr/local/lib/python3.12/site-packages/crawlee/crawlers/_basic/_basic_crawler.py", line 1564, in _raise_for_error_status_code,     raise HttpStatusCodeError('Error status code returned', status_code)
[90m[ParselCrawler][0m [33mWARN [0m Retrying request to https://www.transfermarkt.co.uk/tanjong-pagar-united_tampines-rovers/index/spielbericht/4688305 due to: Error status code returned (status code: 502).. File "/usr/local/lib/python3.12/site-packages/crawlee/crawlers/_basic/_basic_crawler.py", line 1564, in _raise_for_error_status_code,     raise HttpStatusCodeError('Error status code returned', status_code)
[90m[ParselCrawler][0m [33mWARN [0m Retrying request to https://www.transfermarkt.co.uk/balestier-khalsa_lion-city-sailors/index/spielbericht/4688304 due to: Error status code returned (status code: 502).. File "/usr/local/lib/python3.12/site-packages/crawlee/crawlers/_basic/_basic_crawler.py", line 1564, in _raise_for_error_status_code,     raise HttpStatusCodeError('Error status code returned', status_code)
[90m[ParselCrawler][0m [33mWARN [0m Retrying request to https://www.transfermarkt.co.uk/tanjong-pagar-united_tampines-rovers/index/spielbericht/4688305 due to: Error status code returned (status code: 502).. File "/usr/local/lib/python3.12/site-packages/crawlee/crawlers/_basic/_basic_crawler.py", line 1564, in _raise_for_error_status_code,     raise HttpStatusCodeError('Error status code returned', status_code)
[90m[ParselCrawler][0m [31mERROR[0m Request to https://www.transfermarkt.co.uk/balestier-khalsa_lion-city-sailors/index/spielbericht/4688304 failed and reached maximum retries
 Traceback (most recent call last):
  File "/usr/local/lib/python3.12/site-packages/crawlee/crawlers/_basic/_context_pipeline.py", line 100, in __call__
    result = await middleware_instance.action()
             ^^^^^^^^^^^^^^^^^^^^^^^^^^^^^^^^^^
  File "/usr/local/lib/python3.12/site-packages/crawlee/crawlers/_basic/_context_pipeline.py", line 40, in action
    self.output_context = await self.generator.__anext__()
                          ^^^^^^^^^^^^^^^^^^^^^^^^^^^^^^^^
  File "/usr/local/lib/python3.12/site-packages/crawlee/crawlers/_abstract_http/_abstract_http_crawler.py", line 308, in _handle_status_code_response
    self._raise_for_error_status_code(status_code)
  File "/usr/local/lib/python3.12/site-packages/crawlee/crawlers/_basic/_basic_crawler.py", line 1564, in _raise_for_error_status_code
    raise HttpStatusCodeError('Error status code returned', status_code)
crawlee.errors.HttpStatusCodeError: Error status code returned (status code: 502).
[90m[ParselCrawler][0m [31mERROR[0m Request to https://www.transfermarkt.co.uk/tanjong-pagar-united_tampines-rovers/index/spielbericht/4688305 failed and reached maximum retries
 Traceback (most recent call last):
  File "/usr/local/lib/python3.12/site-packages/crawlee/crawlers/_basic/_context_pipeline.py", line 100, in __call__
    result = await middleware_instance.action()
             ^^^^^^^^^^^^^^^^^^^^^^^^^^^^^^^^^^
  File "/usr/local/lib/python3.12/site-packages/crawlee/crawlers/_basic/_context_pipeline.py", line 40, in action
    self.output_context = await self.generator.__anext__()
                          ^^^^^^^^^^^^^^^^^^^^^^^^^^^^^^^^
  File "/usr/local/lib/python3.12/site-packages/crawlee/crawlers/_abstract_http/_abstract_http_crawler.py", line 308, in _handle_status_code_response
    self._raise_for_error_status_code(status_code)
  File "/usr/local/lib/python3.12/site-packages/crawlee/crawlers/_basic/_basic_crawler.py", line 1564, in _raise_for_error_status_code
    raise HttpStatusCodeError('Error status code returned', status_code)
crawlee.errors.HttpStatusCodeError: Error status code returned (status code: 502).
[90m[ParselCrawler][0m [32mINFO [0m Crawled 81/86 pages, 2 failed requests, desired concurrency 12.
[90m[ParselCrawler][0m [33mWARN [0m Retrying request to https://www.transfermarkt.co.uk/geylang-international_young-lions/index/spielbericht/4688274 due to: Error status code returned (status code: 502).. File "/usr/local/lib/python3.12/site-packages/crawlee/crawlers/_basic/_basic_crawler.py", line 1564, in _raise_for_error_status_code,     raise HttpStatusCodeError('Error status code returned', status_code)
[90m[ParselCrawler][0m [33mWARN [0m Retrying request to https://www.transfermarkt.co.uk/geylang-international_young-lions/index/spielbericht/4688274 due to: Error status code returned (status code: 502).. File "/usr/local/lib/python3.12/site-packages/crawlee/crawlers/_basic/_basic_crawler.py", line 1564, in _raise_for_error_status_code,     raise HttpStatusCodeError('Error status code returned', status_code)
[90m[ParselCrawler][0m [33mWARN [0m Retrying request to https://www.transfermarkt.co.uk/geylang-international_young-lions/index/spielbericht/4688274 due to: Error status code returned (status code: 502).. File "/usr/local/lib/python3.12/site-packages/crawlee/crawlers/_basic/_basic_crawler.py", line 1564, in _raise_for_error_status_code,     raise HttpStatusCodeError('Error status code returned', status_code)
[90m[ParselCrawler][0m [31mERROR[0m Request to https://www.transfermarkt.co.uk/geylang-international_young-lions/index/spielbericht/4688274 failed and reached maximum retries
 Traceback (most recent call last):
  File "/usr/local/lib/python3.12/site-packages/crawlee/crawlers/_basic/_context_pipeline.py", line 100, in __call__
    result = await middleware_instance.action()
             ^^^^^^^^^^^^^^^^^^^^^^^^^^^^^^^^^^
  File "/usr/local/lib/python3.12/site-packages/crawlee/crawlers/_basic/_context_pipeline.py", line 40, in action
    self.output_context = await self.generator.__anext__()
                          ^^^^^^^^^^^^^^^^^^^^^^^^^^^^^^^^
  File "/usr/local/lib/python3.12/site-packages/crawlee/crawlers/_abstract_http/_abstract_http_crawler.py", line 308, in _handle_status_code_response
    self._raise_for_error_status_code(status_code)
  File "/usr/local/lib/python3.12/site-packages/crawlee/crawlers/_basic/_basic_crawler.py", line 1564, in _raise_for_error_status_code
    raise HttpStatusCodeError('Error status code returned', status_code)
crawlee.errors.HttpStatusCodeError: Error status code returned (status code: 502).
[90m[crawlee._autoscaling.autoscaled_pool][0m [32mINFO [0m Waiting for remaining tasks to finish
[90m[ParselCrawler][0m [32mINFO [0m Error analysis: total_errors=12 unique_errors=1
[90m[ParselCrawler][0m [32mINFO [0m Final request statistics:
┌───────────────────────────────┬───────────────┐
│ requests_finished             │ 83            │
│ requests_failed               │ 3             │
│ retry_histogram               │ [83, 0, 0, 3] │
│ request_avg_failed_duration   │ 73.5ms        │
│ request_avg_finished_duration │ 3.21s         │
│ requests_finished_per_minute  │ 136           │
│ requests_failed_per_minute    │ 4             │
│ request_total_duration        │ 4min 26.5s    │
│ requests_total                │ 86            │
│ crawler_runtime               │ 36.51s        │
└───────────────────────────────┴───────────────┘
[90m[tfmkt.common][0m [31mERROR[0m Failed to scrape https://www.transfermarkt.co.uk/balestier-khalsa_lion-city-sailors/index/spielbericht/4688304: Error status code returned (status code: 502).
[90m[tfmkt.common][0m [31mERROR[0m Failed to scrape https://www.transfermarkt.co.uk/tanjong-pagar-united_tampines-rovers/index/spielbericht/4688305: Error status code returned (status code: 502).
[90m[tfmkt.common][0m [31mERROR[0m Failed to scrape https://www.transfermarkt.co.uk/geylang-international_young-lions/index/spielbericht/4688274: Error status code returned (status code: 502).
